PS C:\dev\Javascript implementando crud requisicoes http\01 Primeira Requisicao> node -v
v18.18.2
PS C:\dev\Javascript implementando crud requisicoes http\01 Primeira Requisicao> npm i -g json-server
npm WARN EBADENGINE Unsupported engine {
npm WARN EBADENGINE   package: 'milliparsec@4.0.0',
npm WARN EBADENGINE   required: { node: '>=20' },
npm WARN EBADENGINE   current: { node: 'v18.18.2', npm: '9.8.1' }
npm WARN EBADENGINE }

added 45 packages in 18s


PS C:\dev\Javascript implementando crud requisicoes http\01 Primeira Requisicao\backend> npm init -y
PS C:\dev\Javascript implementando crud requisicoes http\01 Primeira Requisicao\backend> npm init -y
Wrote to C:\dev\Javascript implementando crud requisicoes http\01 Primeira Requisicao\backend\package.json:
Wrote to C:\dev\Javascript implementando crud requisicoes http\01 Primeira Requisicao\backend\package.json:


{
{
  "name": "backend",
  "version": "1.0.0",
  "version": "1.0.0",
  "description": "",
  "description": "",
  "main": "index.js",
  "scripts": {
    "test": "echo \"Error: no test specified\" && exit 1"
  },
  "keywords": [],
  "author": "",
  "license": "ISC"
}


PS C:\dev\Javascript implementando crud requisicoes http\01 Primeira Requisicao\backend> npm start

> backend@1.0.0 start
> json-server --watch db.json --port 3000

--watch/-w can be omitted, JSON Server 1+ watches for file changes by default
JSON Server started on PORT :3000
Press CTRL-C to stop
Watching db.json...

♡⸜(˶˃ ᵕ ˂˶)⸝♡

Index:
http://localhost:3000/

Static files:
Serving ./public directory if it exists

Endpoints:
http://localhost:3000/pensamentos